Microchip MPLAB XC8 Compiler V2.41

Linker command line:

-W-3 \
  --edf=C:\Program Files\Microchip\xc8\v2.41\pic\dat\20230208172133_en.msgs \
  -cn -h+dist/default/production\EUSART.X.production.sym \
  --cmf=dist/default/production\EUSART.X.production.cmf -z -Q18F45K20 \
  -oC:\Users\perez\AppData\Local\Temp\xcAsds0.\driver_tmp_3.o \
  --defsym=__MPLAB_BUILD=1 --fixupoverflow=error \
  -Mdist/default/production/EUSART.X.production.map \
  --md=C:\Users\perez\AppData\Local\Temp\xcAsds0.\driver_tmp_0.dat -E1 \
  -ver=XC8 Compiler --acfsm=1493 -ACODE=00h-07FFFh -ACONST=00h-07FFFh \
  -ASMALLCONST=0600h-06FFhx122 -AMEDIUMCONST=0600h-07FFFh -ACOMRAM=01h-05Fh \
  -AABS1=00h-05FFh -ABIGRAM=01h-05FFh -ARAM=060h-0FFh,0100h-01FFhx5 \
  -ABANK0=060h-0FFh -ABANK1=0100h-01FFh -ABANK2=0200h-02FFh \
  -ABANK3=0300h-03FFh -ABANK4=0400h-04FFh -ABANK5=0500h-05FFh \
  -ASFR=0F60h-0FFFh -ABIGSFR=0F60h-0FFFh -ACONFIG=0300000h-030000Dh \
  -AIDLOC=0200000h-0200007h -AEEDATA=0F00000h-0F000FFh -peeprom_data=EEDATA \
  -preset_vec=00h,intcode,intcodelo,powerup,init -pramtop=0600h \
  -psmallconst=SMALLCONST -pmediumconst=MEDIUMCONST -pconst=CONST \
  -AFARRAM=00h-00h \
  -prdata=COMRAM,nvrram=COMRAM,nvbit=COMRAM,rbss=COMRAM,rbit=COMRAM \
  -pfarbss=FARRAM,fardata=FARRAM,nvFARRAM=FARRAM \
  -pintsave_regs=BIGRAM,bigbss=BIGRAM,bigdata=BIGRAM -pbss=RAM \
  -pidata=CODE,irdata=CODE,ibigdata=CODE,ifardata=CODE -prparam=COMRAM \
  C:\Users\perez\AppData\Local\Temp\xcAsds0.\driver_tmp_14.o \
  dist/default/production\EUSART.X.production.o 

Object code version is 3.11

Machine type is 18F45K20



                Name                               Link     Load   Length Selector   Space Scale
C:\Users\perez\AppData\Local\Temp\xcAsds0.\driver_tmp_14.o
                idloc                            200000   200000        8        0       5
                config                           300000   300000        E        0       4
                init                                  0        0        4        0       0
dist/default/production\EUSART.X.production.o
                idloc                            200000   200000        8        0       5
                config                           300000   300000        E        0       4
                smallconst                          600      600       10      300       0
                text32                             2B36     2B36       16      308       0
                text31                             2B78     2B78        A      308       0
                text30                             2B6E     2B6E        A      308       0
                text29                             2B64     2B64        A      308       0
                text28                             2A08     2A08       3E      308       0
                text27                             2B5A     2B5A        A      308       0
                text26                             2AB4     2AB4       30      308       0
                text25                             2B4C     2B4C        E      308       0
                text24                             18F4     18F4      39A      308       0
                text23                             273E     273E       AA      308       0
                text22                             2302     2302      104      308       0
                text21                             14CA     14CA      42A      308       0
                text20                             2A46     2A46       38      308       0
                text19                             100A     100A      4C0      308       0
                text18                             293E     293E       46      308       0
                text17                             21FC     21FC      106      308       0
                text16                             2406     2406       FE      308       0
                text15                             1ED8     1ED8      212      308       0
                text14                             27E8     27E8       66      308       0
                text13                             28EE     28EE       50      308       0
                text12                             2B82     2B82        2      308       0
                text11                             2504     2504       CA      308       0
                text10                             2984     2984       44      308       0
                text9                              2694     2694       AA      308       0
                text8                              29C8     29C8       40      308       0
                text7                               610      610      9FA      308       0
                text6                              2B10     2B10       26      308       0
                text5                              25CE     25CE       C6      308       0
                text4                              1C8E     1C8E      24A      308       0
                text3                              289E     289E       50      308       0
                text2                              284E     284E       50      308       0
                text1                              2A7E     2A7E       36      308       0
                text0                              20EA     20EA      112      308       0
                cstackCOMRAM                          1        1       55        1       1
                cstackBANK0                          60       60       72       60       1
                bssBANK1                            100      100       50      100       1
                bssBANK0                             D8       D8        4       60       1
                bssCOMRAM                            56       56        A        1       1
                cinit                              2AE4     2AE4       2C      308       0
                nvBANK0                              D2       D2        6       60       1

TOTAL           Name                               Link     Load   Length     Space
        CLASS   CODE           
                init                                  0        0        4         0
                text32                             2B36     2B36       16         0
                text31                             2B78     2B78        A         0
                text30                             2B6E     2B6E        A         0
                text29                             2B64     2B64        A         0
                text28                             2A08     2A08       3E         0
                text27                             2B5A     2B5A        A         0
                text26                             2AB4     2AB4       30         0
                text25                             2B4C     2B4C        E         0
                text24                             18F4     18F4      39A         0
                text23                             273E     273E       AA         0
                text22                             2302     2302      104         0
                text21                             14CA     14CA      42A         0
                text20                             2A46     2A46       38         0
                text19                             100A     100A      4C0         0
                text18                             293E     293E       46         0
                text17                             21FC     21FC      106         0
                text16                             2406     2406       FE         0
                text15                             1ED8     1ED8      212         0
                text14                             27E8     27E8       66         0
                text13                             28EE     28EE       50         0
                text12                             2B82     2B82        2         0
                text11                             2504     2504       CA         0
                text10                             2984     2984       44         0
                text9                              2694     2694       AA         0
                text8                              29C8     29C8       40         0
                text7                               610      610      9FA         0
                text6                              2B10     2B10       26         0
                text5                              25CE     25CE       C6         0
                text4                              1C8E     1C8E      24A         0
                text3                              289E     289E       50         0
                text2                              284E     284E       50         0
                text1                              2A7E     2A7E       36         0
                text0                              20EA     20EA      112         0
                cinit                              2AE4     2AE4       2C         0

        CLASS   CONST          

        CLASS   SMALLCONST     
                smallconst                          600      600       10         0

        CLASS   MEDIUMCONST    

        CLASS   COMRAM         
                cstackCOMRAM                          1        1       55         1
                bssCOMRAM                            56       56        A         1

        CLASS   ABS1           

        CLASS   BIGRAM         

        CLASS   RAM            

        CLASS   BANK0          
                cstackBANK0                          60       60       72         1
                bssBANK0                             D8       D8        4         1
                nvBANK0                              D2       D2        6         1

        CLASS   BANK1          
                bssBANK1                            100      100       50         1

        CLASS   BANK2          

        CLASS   BANK3          

        CLASS   BANK4          

        CLASS   BANK5          

        CLASS   SFR            

        CLASS   BIGSFR         

        CLASS   CONFIG         
                config                           300000   300000        E         4

        CLASS   IDLOC          
                idloc                            200000   200000        8         5

        CLASS   EEDATA         

        CLASS   FARRAM         

        CLASS   HEAP           

        CLASS   STACK          



SEGMENTS        Name                           Load    Length   Top    Selector   Space  Class

                reset_vec                      000000  000004  000004         0       0  CODE    
                cstackCOMRAM                   000001  00005F  000060         1       1  COMRAM  
                cstackBANK0                    000060  00007C  0000DC        60       1  BANK0   
                bssBANK1                       000100  000050  000150       100       1  BANK1   
                smallconst                     000600  000010  000610       300       0  SMALLCON
                text7                          000610  002574  002B84       308       0  CODE    


UNUSED ADDRESS RANGES

        Name                Unused          Largest block    Delta
        BANK0            0000DC-0000FF               24
        BANK1            000150-0001FF               B0
        BANK2            000200-0002FF              100
        BANK3            000300-0003FF              100
        BANK4            000400-0004FF              100
        BANK5            000500-0005FF              100
        BIGRAM           0000DC-0000FF               24
                         000150-0005FF              4B0
        BIGSFR           000F60-000FFF               A0
        CODE             000004-0005FF              5FC
                         002B84-007FFF             547C
        CONST            000004-0005FF              5FC
                         002B84-007FFF             547C
        EEDATA           F00000-F000FF              100
        MEDIUMCONST      002B84-007FFF             547C
        RAM              0000DC-0000FF               24
                         000150-0005FF              100
        SFR              000F60-000FFF               A0
        SMALLCONST       002B84-007FFF              100

                                  Symbol Table

?___fladd                                      cstackCOMRAM 000001
?___fldiv                                      cstackCOMRAM 000001
?___flmul                                      cstackCOMRAM 000001
?___flneg                                      cstackCOMRAM 000001
?___flsub                                      cstackCOMRAM 00001A
?___fltol                                      cstackCOMRAM 000001
?___fpclassifyf                                cstackCOMRAM 000001
?___wmul                                       cstackCOMRAM 000001
?_floorf                                       cstackCOMRAM 00001A
?_labs                                         cstackCOMRAM 000001
?_read_prec_or_width                           cstackCOMRAM 000007
?_sprintf                                      cstackBANK0  000092
?_strlen                                       cstackCOMRAM 000001
?_vfprintf                                     cstackBANK0  00008C
EUSART_SetErrorHandler@interruptHandler        cstackCOMRAM 000001
EUSART_SetFramingErrorHandler@interruptHandler cstackCOMRAM 000001
EUSART_SetOverrunErrorHandler@interruptHandler cstackCOMRAM 000001
EUSART_Write@txData                            cstackCOMRAM 000001
_ANSEL                                         (abs)        000F7E
_ANSELH                                        (abs)        000F7F
_BAUDCON                                       (abs)        000FB8
_EUSART_DefaultErrorHandler                    (abs)        000000
_EUSART_DefaultFramingErrorHandler             (abs)        000000
_EUSART_DefaultOverrunErrorHandler             (abs)        000000
_EUSART_ErrorHandler                           nvBANK0      0000D2
_EUSART_FramingErrorHandler                    nvBANK0      0000D6
_EUSART_Initialize                             text28       002A08
_EUSART_OverrunErrorHandler                    nvBANK0      0000D4
_EUSART_SetErrorHandler                        text31       002B78
_EUSART_SetFramingErrorHandler                 text30       002B6E
_EUSART_SetOverrunErrorHandler                 text29       002B64
_EUSART_Write                                  text32       002B36
_INTCON2bits                                   (abs)        000FF1
_INTCONbits                                    (abs)        000FF2
_LATA                                          (abs)        000F89
_LATB                                          (abs)        000F8A
_LATC                                          (abs)        000F8B
_LATD                                          (abs)        000F8C
_LATE                                          (abs)        000F8D
_OSCCON                                        (abs)        000FD3
_OSCILLATOR_Initialize                         text27       002B5A
_OSCTUNE                                       (abs)        000F9B
_PIN_MANAGER_Initialize                        text26       002AB4
_PIR1bits                                      (abs)        000F9E
_RCREG                                         (abs)        000FAE
_RCSTA                                         (abs)        000FAB
_RCSTAbits                                     (abs)        000FAB
_SPBRG                                         (abs)        000FAF
_SPBRGH                                        (abs)        000FB0
_SYSTEM_Initialize                             text25       002B4C
_TRISA                                         (abs)        000F92
_TRISB                                         (abs)        000F93
_TRISC                                         (abs)        000F94
_TRISD                                         (abs)        000F95
_TRISE                                         (abs)        000F96
_TXREG                                         (abs)        000FAD
_TXSTA                                         (abs)        000FAC
_TXSTAbits                                     (abs)        000FAC
_WPUB                                          (abs)        000F7C
__HRAM                                         (abs)        000000
__H__absolute__                                __absolute__ 000000
__Habs1                                        abs1         000000
__Hbank0                                       bank0        000000
__Hbank1                                       bank1        000000
__Hbank2                                       bank2        000000
__Hbank3                                       bank3        000000
__Hbank4                                       bank4        000000
__Hbank5                                       bank5        000000
__Hbigbss                                      bigbss       000000
__Hbigdata                                     bigdata      000000
__Hbigram                                      bigram       000000
__Hbigsfr                                      bigsfr       000000
__Hbss                                         bss          000000
__HbssBANK0                                    bssBANK0     000000
__HbssBANK1                                    bssBANK1     000000
__HbssCOMRAM                                   bssCOMRAM    000000
__Hcinit                                       cinit        000000
__Hclrtext                                     clrtext      000000
__Hcomram                                      comram       000000
__Hconfig                                      config       30000E
__Hconst                                       const        000000
__HcstackBANK0                                 cstackBANK0  000000
__HcstackCOMRAM                                cstackCOMRAM 000000
__Hdata                                        data         000000
__Heeprom_data                                 eeprom_data  000000
__Hfarbss                                      farbss       000000
__Hfardata                                     fardata      000000
__Hheap                                        heap         000000
__Hibigdata                                    ibigdata     000000
__Hidata                                       idata        000000
__Hidloc                                       idloc        200008
__Hifardata                                    ifardata     000000
__Hinit                                        init         000004
__Hintcode                                     intcode      000000
__Hintcode_body                                intcode_body 000000
__Hintcodelo                                   intcodelo    000000
__Hintentry                                    intentry     000000
__Hintret                                      intret       000000
__Hintsave_regs                                intsave_regs 000000
__Hirdata                                      irdata       000000
__Hmediumconst                                 mediumconst  000000
__HnvBANK0                                     nvBANK0      000000
__HnvFARRAM                                    nvFARRAM     000000
__Hnvbit                                       nvbit        000000
__Hnvrram                                      nvrram       000000
__Hparam                                       rparam       000000
__Hpowerup                                     powerup      000000
__Hram                                         ram          000000
__Hramtop                                      ramtop       000600
__Hrbit                                        rbit         000000
__Hrbss                                        rbss         000000
__Hrdata                                       rdata        000000
__Hreset_vec                                   reset_vec    000000
__Hrparam                                      rparam       000000
__Hsfr                                         sfr          000000
__Hsmallconst                                  smallconst   000610
__Hspace_0                                     (abs)        002B84
__Hspace_1                                     (abs)        000150
__Hspace_2                                     (abs)        000000
__Hspace_4                                     (abs)        60000E
__Hstack                                       stack        000000
__Hstruct                                      struct       000000
__Htemp                                        temp         000000
__Htext                                        text         000000
__Htext0                                       text0        000000
__Htext1                                       text1        000000
__Htext10                                      text10       000000
__Htext11                                      text11       000000
__Htext12                                      text12       000000
__Htext13                                      text13       000000
__Htext14                                      text14       000000
__Htext15                                      text15       000000
__Htext16                                      text16       000000
__Htext17                                      text17       000000
__Htext18                                      text18       000000
__Htext19                                      text19       000000
__Htext2                                       text2        000000
__Htext20                                      text20       000000
__Htext21                                      text21       000000
__Htext22                                      text22       000000
__Htext23                                      text23       000000
__Htext24                                      text24       000000
__Htext25                                      text25       000000
__Htext26                                      text26       000000
__Htext27                                      text27       000000
__Htext28                                      text28       000000
__Htext29                                      text29       000000
__Htext3                                       text3        000000
__Htext30                                      text30       000000
__Htext31                                      text31       000000
__Htext32                                      text32       000000
__Htext4                                       text4        000000
__Htext5                                       text5        000000
__Htext6                                       text6        000000
__Htext7                                       text7        000000
__Htext8                                       text8        000000
__Htext9                                       text9        000000
__LRAM                                         (abs)        000001
__L__absolute__                                __absolute__ 000000
__Labs1                                        abs1         000000
__Lbank0                                       bank0        000000
__Lbank1                                       bank1        000000
__Lbank2                                       bank2        000000
__Lbank3                                       bank3        000000
__Lbank4                                       bank4        000000
__Lbank5                                       bank5        000000
__Lbigbss                                      bigbss       000000
__Lbigdata                                     bigdata      000000
__Lbigram                                      bigram       000000
__Lbigsfr                                      bigsfr       000000
__Lbss                                         bss          000000
__LbssBANK0                                    bssBANK0     000000
__LbssBANK1                                    bssBANK1     000000
__LbssCOMRAM                                   bssCOMRAM    000000
__Lcinit                                       cinit        000000
__Lclrtext                                     clrtext      000000
__Lcomram                                      comram       000000
__Lconfig                                      config       000000
__Lconst                                       const        000000
__LcstackBANK0                                 cstackBANK0  000000
__LcstackCOMRAM                                cstackCOMRAM 000000
__Ldata                                        data         000000
__Leeprom_data                                 eeprom_data  000000
__Lfarbss                                      farbss       000000
__Lfardata                                     fardata      000000
__Lheap                                        heap         000000
__Libigdata                                    ibigdata     000000
__Lidata                                       idata        000000
__Lidloc                                       idloc        000000
__Lifardata                                    ifardata     000000
__Linit                                        init         000000
__Lintcode                                     intcode      000000
__Lintcode_body                                intcode_body 000000
__Lintcodelo                                   intcodelo    000000
__Lintentry                                    intentry     000000
__Lintret                                      intret       000000
__Lintsave_regs                                intsave_regs 000000
__Lirdata                                      irdata       000000
__Lmediumconst                                 mediumconst  000000
__LnvBANK0                                     nvBANK0      000000
__LnvFARRAM                                    nvFARRAM     000000
__Lnvbit                                       nvbit        000000
__Lnvrram                                      nvrram       000000
__Lparam                                       rparam       000000
__Lpowerup                                     powerup      000000
__Lram                                         ram          000000
__Lramtop                                      ramtop       000600
__Lrbit                                        rbit         000000
__Lrbss                                        rbss         000000
__Lrdata                                       rdata        000000
__Lreset_vec                                   reset_vec    000000
__Lrparam                                      rparam       000000
__Lsfr                                         sfr          000000
__Lsmallconst                                  smallconst   000600
__Lspace_0                                     (abs)        000000
__Lspace_1                                     (abs)        000000
__Lspace_2                                     (abs)        000000
__Lspace_4                                     (abs)        000000
__Lstack                                       stack        000000
__Lstruct                                      struct       000000
__Ltemp                                        temp         000000
__Ltext                                        text         000000
__Ltext0                                       text0        000000
__Ltext1                                       text1        000000
__Ltext10                                      text10       000000
__Ltext11                                      text11       000000
__Ltext12                                      text12       000000
__Ltext13                                      text13       000000
__Ltext14                                      text14       000000
__Ltext15                                      text15       000000
__Ltext16                                      text16       000000
__Ltext17                                      text17       000000
__Ltext18                                      text18       000000
__Ltext19                                      text19       000000
__Ltext2                                       text2        000000
__Ltext20                                      text20       000000
__Ltext21                                      text21       000000
__Ltext22                                      text22       000000
__Ltext23                                      text23       000000
__Ltext24                                      text24       000000
__Ltext25                                      text25       000000
__Ltext26                                      text26       000000
__Ltext27                                      text27       000000
__Ltext28                                      text28       000000
__Ltext29                                      text29       000000
__Ltext3                                       text3        000000
__Ltext30                                      text30       000000
__Ltext31                                      text31       000000
__Ltext32                                      text32       000000
__Ltext4                                       text4        000000
__Ltext5                                       text5        000000
__Ltext6                                       text6        000000
__Ltext7                                       text7        000000
__Ltext8                                       text8        000000
__Ltext9                                       text9        000000
__S0                                           (abs)        002B84
__S1                                           (abs)        000150
__S4                                           (abs)        000000
__S5                                           (abs)        000000
___fladd                                       text19       00100A
___fladd@a                                     cstackCOMRAM 000005
___fladd@aexp                                  cstackCOMRAM 00000E
___fladd@b                                     cstackCOMRAM 000001
___fladd@bexp                                  cstackCOMRAM 00000F
___fladd@grs                                   cstackCOMRAM 000010
___fladd@signs                                 cstackCOMRAM 00000D
___fldiv                                       text24       0018F4
___fldiv@a                                     cstackCOMRAM 000005
___fldiv@aexp                                  cstackCOMRAM 000019
___fldiv@b                                     cstackCOMRAM 000001
___fldiv@bexp                                  cstackCOMRAM 000018
___fldiv@grs                                   cstackCOMRAM 000014
___fldiv@new_exp                               cstackCOMRAM 000012
___fldiv@rem                                   cstackCOMRAM 00000D
___fldiv@sign                                  cstackCOMRAM 000011
___fleq                                        text23       00273E
___fleq@ff1                                    cstackCOMRAM 000001
___fleq@ff2                                    cstackCOMRAM 000005
___flge                                        text22       002302
___flge@ff1                                    cstackCOMRAM 00001A
___flge@ff2                                    cstackCOMRAM 00001E
___flmul                                       text21       0014CA
___flmul@a                                     cstackCOMRAM 000005
___flmul@aexp                                  cstackCOMRAM 000012
___flmul@b                                     cstackCOMRAM 000001
___flmul@bexp                                  cstackCOMRAM 000013
___flmul@grs                                   cstackCOMRAM 00000E
___flmul@prod                                  cstackCOMRAM 000014
___flmul@sign                                  cstackCOMRAM 00000D
___flmul@temp                                  cstackCOMRAM 000018
___flneg                                       text20       002A46
___flneg@f1                                    cstackCOMRAM 000001
___flsub                                       text18       00293E
___flsub@a                                     cstackCOMRAM 00001E
___flsub@b                                     cstackCOMRAM 00001A
___fltol                                       text17       0021FC
___fltol@exp1                                  cstackCOMRAM 00000A
___fltol@f1                                    cstackCOMRAM 000001
___fltol@sign1                                 cstackCOMRAM 000009
___fpclassifyf                                 text16       002406
___fpclassifyf@F465                            bssCOMRAM    000056
___fpclassifyf@e                               cstackCOMRAM 000009
___fpclassifyf@u                               cstackCOMRAM 00000B
___fpclassifyf@x                               cstackCOMRAM 000001
___heap_hi                                     (abs)        000000
___heap_lo                                     (abs)        000000
___inthi_sp                                    stack        000000
___intlo_sp                                    stack        000000
___param_bank                                  (abs)        000000
___rparam_used                                 (abs)        000001
___sp                                          stack        000000
___wmul                                        text6        002B10
___wmul@multiplicand                           cstackCOMRAM 000003
___wmul@multiplier                             cstackCOMRAM 000001
___wmul@product                                cstackCOMRAM 000005
__accesstop                                    (abs)        000060
__activetblptr                                 (abs)        000002
__end_of_EUSART_Initialize                     text28       002A46
__end_of_EUSART_SetErrorHandler                text31       002B82
__end_of_EUSART_SetFramingErrorHandler         text30       002B78
__end_of_EUSART_SetOverrunErrorHandler         text29       002B6E
__end_of_EUSART_Write                          text32       002B4C
__end_of_OSCILLATOR_Initialize                 text27       002B64
__end_of_PIN_MANAGER_Initialize                text26       002AE4
__end_of_SYSTEM_Initialize                     text25       002B5A
__end_of___fladd                               text19       0014CA
__end_of___fldiv                               text24       001C8E
__end_of___fleq                                text23       0027E8
__end_of___flge                                text22       002406
__end_of___flmul                               text21       0018F4
__end_of___flneg                               text20       002A7E
__end_of___flsub                               text18       002984
__end_of___fltol                               text17       002302
__end_of___fpclassifyf                         text16       002504
__end_of___wmul                                text6        002B36
__end_of__initialization                       cinit        002B06
__end_of_efgtoa                                text7        00100A
__end_of_floorf                                text15       0020EA
__end_of_fputc                                 text11       0025CE
__end_of_fputs                                 text10       0029C8
__end_of_labs                                  text14       00284E
__end_of_main                                  text0        0021FC
__end_of_memcpy                                text13       00293E
__end_of_pad                                   text9        00273E
__end_of_putch                                 text12       002B84
__end_of_read_prec_or_width                    text5        002694
__end_of_sprintf                               text2        00289E
__end_of_strcpy                                text8        002A08
__end_of_strlen                                text1        002AB4
__end_of_vfpfcnvrt                             text4        001ED8
__end_of_vfprintf                              text3        0028EE
__initialization                               cinit        002AE4
__mediumconst                                  mediumconst  000000
__pbssBANK0                                    bssBANK0     0000D8
__pbssBANK1                                    bssBANK1     000100
__pbssCOMRAM                                   bssCOMRAM    000056
__pcinit                                       cinit        002AE4
__pcstackBANK0                                 cstackBANK0  000060
__pcstackCOMRAM                                cstackCOMRAM 000001
__pnvBANK0                                     nvBANK0      0000D2
__psmallconst                                  smallconst   000600
__ptext0                                       text0        0020EA
__ptext1                                       text1        002A7E
__ptext10                                      text10       002984
__ptext11                                      text11       002504
__ptext12                                      text12       002B82
__ptext13                                      text13       0028EE
__ptext14                                      text14       0027E8
__ptext15                                      text15       001ED8
__ptext16                                      text16       002406
__ptext17                                      text17       0021FC
__ptext18                                      text18       00293E
__ptext19                                      text19       00100A
__ptext2                                       text2        00284E
__ptext20                                      text20       002A46
__ptext21                                      text21       0014CA
__ptext22                                      text22       002302
__ptext23                                      text23       00273E
__ptext24                                      text24       0018F4
__ptext25                                      text25       002B4C
__ptext26                                      text26       002AB4
__ptext27                                      text27       002B5A
__ptext28                                      text28       002A08
__ptext29                                      text29       002B64
__ptext3                                       text3        00289E
__ptext30                                      text30       002B6E
__ptext31                                      text31       002B78
__ptext32                                      text32       002B36
__ptext4                                       text4        001C8E
__ptext5                                       text5        0025CE
__ptext6                                       text6        002B10
__ptext7                                       text7        000610
__ptext8                                       text8        0029C8
__ptext9                                       text9        002694
__ramtop                                       ramtop       000600
__smallconst                                   smallconst   000600
_dbuf                                          bssBANK1     000100
_efgtoa                                        text7        000610
_efgtoa$982                                    cstackBANK0  000066
_eusartRxLastError                             bssCOMRAM    00005F
_flags                                         bssCOMRAM    00005E
_floorf                                        text15       001ED8
_fputc                                         text11       002504
_fputs                                         text10       002984
_labs                                          text14       0027E8
_main                                          text0        0020EA
_memcpy                                        text13       0028EE
_pad                                           text9        002694
_prec                                          bssCOMRAM    00005C
_putch                                         text12       002B82
_read_prec_or_width                            text5        0025CE
_sprintf                                       text2        00284E
_strcpy                                        text8        0029C8
_strlen                                        text1        002A7E
_vfpfcnvrt                                     text4        001C8E
_vfprintf                                      text3        00289E
_width                                         bssCOMRAM    00005A
efgtoa@c                                       cstackCOMRAM 000034
efgtoa@d                                       cstackBANK0  00006B
efgtoa@e                                       cstackBANK0  00006F
efgtoa@f                                       cstackCOMRAM 000030
efgtoa@fp                                      cstackCOMRAM 00002E
efgtoa@g                                       cstackBANK0  000084
efgtoa@h                                       cstackBANK0  000079
efgtoa@i                                       cstackBANK0  000077
efgtoa@l                                       cstackBANK0  00007D
efgtoa@m                                       cstackBANK0  00006D
efgtoa@mode                                    cstackBANK0  000069
efgtoa@n                                       cstackBANK0  000082
efgtoa@ne                                      cstackBANK0  000060
efgtoa@nmode                                   cstackBANK0  00006A
efgtoa@ou                                      cstackBANK0  000073
efgtoa@p                                       cstackBANK0  000062
efgtoa@pp                                      cstackBANK0  000068
efgtoa@sign                                    cstackBANK0  000081
efgtoa@t                                       cstackBANK0  000064
efgtoa@u                                       cstackBANK0  000088
efgtoa@w                                       cstackBANK0  000071
end_of_initialization                          cinit        002B06
floorf@F526                                    bssBANK0     0000D8
floorf@e                                       cstackCOMRAM 000028
floorf@m                                       cstackCOMRAM 000024
floorf@u                                       cstackCOMRAM 00002A
floorf@x                                       cstackCOMRAM 00001A
fputc@c                                        cstackCOMRAM 000001
fputc@fp                                       cstackCOMRAM 000003
fputs@c                                        cstackCOMRAM 00000E
fputs@fp                                       cstackCOMRAM 00000C
fputs@i                                        cstackCOMRAM 00000F
fputs@s                                        cstackCOMRAM 00000A
intlevel0                                      text         000000
intlevel1                                      text         000000
intlevel2                                      text         000000
intlevel3                                      text         000000
isa$std                                        (abs)        000001
isa$xinst                                      (abs)        000000
labs@a                                         cstackCOMRAM 000001
main@data                                      cstackBANK0  00009A
main@i                                         cstackBANK0  0000CC
main@value                                     cstackBANK0  0000CE
memcpy@d                                       cstackCOMRAM 000007
memcpy@d1                                      cstackCOMRAM 000001
memcpy@n                                       cstackCOMRAM 000005
memcpy@s                                       cstackCOMRAM 000009
memcpy@s1                                      cstackCOMRAM 000003
memcpy@tmp                                     cstackCOMRAM 00000B
pad@buf                                        cstackCOMRAM 000013
pad@fp                                         cstackCOMRAM 000011
pad@i                                          cstackCOMRAM 000018
pad@p                                          cstackCOMRAM 000015
pad@w                                          cstackCOMRAM 00001A
read_prec_or_width@ap                          cstackCOMRAM 000009
read_prec_or_width@c                           cstackCOMRAM 00000D
read_prec_or_width@fmt                         cstackCOMRAM 000007
read_prec_or_width@n                           cstackCOMRAM 00000E
sprintf@ap                                     cstackCOMRAM 000048
sprintf@f                                      cstackCOMRAM 00004A
sprintf@fmt                                    cstackBANK0  000094
sprintf@s                                      cstackBANK0  000092
stackhi                                        (abs)        000000
stacklo                                        (abs)        000000
start                                          init         000000
start_initialization                           cinit        002AE4
strcpy@d                                       cstackCOMRAM 000007
strcpy@dest                                    cstackCOMRAM 000001
strcpy@s                                       cstackCOMRAM 000005
strcpy@src                                     cstackCOMRAM 000003
strlen@a                                       cstackCOMRAM 000003
strlen@s                                       cstackCOMRAM 000001
vfpfcnvrt@ap                                   cstackCOMRAM 00003B
vfpfcnvrt@c                                    cstackCOMRAM 000043
vfpfcnvrt@convarg                              cstackCOMRAM 00003F
vfpfcnvrt@cp                                   cstackCOMRAM 000044
vfpfcnvrt@fmt                                  cstackCOMRAM 000039
vfpfcnvrt@fp                                   cstackCOMRAM 000037
vfprintf@ap                                    cstackBANK0  000090
vfprintf@cfmt                                  cstackCOMRAM 000046
vfprintf@fmt                                   cstackBANK0  00008E
vfprintf@fp                                    cstackBANK0  00008C


MODULE INFORMATION

Module		Function		Class		Link	Load	Size
C:\Program Files\Microchip\xc8\v2.41\pic\sources\c99\common\__fpclassifyf.c
		___fpclassifyf 		CODE           	2406	0000	254

C:\Program Files\Microchip\xc8\v2.41\pic\sources\c99\common\__fpclassifyf.c estimated size: 254

C:\Program Files\Microchip\xc8\v2.41\pic\sources\c99\common\floorf.c
		_floorf        		CODE           	1ED8	0000	530

C:\Program Files\Microchip\xc8\v2.41\pic\sources\c99\common\floorf.c estimated size: 530

C:\Program Files\Microchip\xc8\v2.41\pic\sources\c99\common\flge.c
		___flge        		CODE           	2302	0000	260

C:\Program Files\Microchip\xc8\v2.41\pic\sources\c99\common\flge.c estimated size: 260

C:\Program Files\Microchip\xc8\v2.41\pic\sources\c99\common\fltol.c
		___fltol       		CODE           	21FC	0000	262

C:\Program Files\Microchip\xc8\v2.41\pic\sources\c99\common\fltol.c estimated size: 262

C:\Program Files\Microchip\xc8\v2.41\pic\sources\c99\common\strlen.c
		_strlen        		CODE           	2A7E	0000	54

C:\Program Files\Microchip\xc8\v2.41\pic\sources\c99\common\strlen.c estimated size: 54

C:\Program Files\Microchip\xc8\v2.41\pic\sources\c99\common\nf_fputc.c
		_fputc         		CODE           	2504	0000	202

C:\Program Files\Microchip\xc8\v2.41\pic\sources\c99\common\nf_fputc.c estimated size: 202

C:\Program Files\Microchip\xc8\v2.41\pic\sources\c99\common\strcpy.c
		_strcpy        		CODE           	29C8	0000	64

C:\Program Files\Microchip\xc8\v2.41\pic\sources\c99\common\strcpy.c estimated size: 64

C:\Program Files\Microchip\xc8\v2.41\pic\sources\c99\common\nf_sprintf.c
		_sprintf       		CODE           	284E	0000	80

C:\Program Files\Microchip\xc8\v2.41\pic\sources\c99\common\nf_sprintf.c estimated size: 80

mcc_generated_files/pin_manager.c
		_PIN_MANAGER_Initialize		CODE           	2AB4	0000	48

mcc_generated_files/pin_manager.c estimated size: 48

C:\Program Files\Microchip\xc8\v2.41\pic\sources\c99\common\sprcadd.c
		___flsub       		CODE           	293E	0000	70
		___fladd       		CODE           	100A	0000	1216

C:\Program Files\Microchip\xc8\v2.41\pic\sources\c99\common\sprcadd.c estimated size: 1286

C:\Program Files\Microchip\xc8\v2.41\pic\sources\c99\common\doprnt.c
		_read_prec_or_width		CODE           	25CE	0000	198
		_vfpfcnvrt     		CODE           	1C8E	0000	586
		_efgtoa        		CODE           	0610	0000	2554
		_pad           		CODE           	2694	0000	170
		_vfprintf      		CODE           	289E	0000	80

C:\Program Files\Microchip\xc8\v2.41\pic\sources\c99\common\doprnt.c estimated size: 3588

C:\Program Files\Microchip\xc8\v2.41\pic\sources\c99\common\flneg.c
		___flneg       		CODE           	2A46	0000	56

C:\Program Files\Microchip\xc8\v2.41\pic\sources\c99\common\flneg.c estimated size: 56

C:\Program Files\Microchip\xc8\v2.41\pic\sources\c99\common\fleq.c
		___fleq        		CODE           	273E	0000	170

C:\Program Files\Microchip\xc8\v2.41\pic\sources\c99\common\fleq.c estimated size: 170

shared
		__initialization		CODE           	2AE4	0000	34

shared estimated size: 34

mcc_generated_files/mcc.c
		_OSCILLATOR_Initialize		CODE           	2B5A	0000	10
		_SYSTEM_Initialize		CODE           	2B4C	0000	14

mcc_generated_files/mcc.c estimated size: 24

C:\Program Files\Microchip\xc8\v2.41\pic\sources\c99\common\memcpy.c
		_memcpy        		CODE           	28EE	0000	80

C:\Program Files\Microchip\xc8\v2.41\pic\sources\c99\common\memcpy.c estimated size: 80

C:\Program Files\Microchip\xc8\v2.41\pic\sources\c99\common\Umul16.c
		___wmul        		CODE           	2B10	0000	38

C:\Program Files\Microchip\xc8\v2.41\pic\sources\c99\common\Umul16.c estimated size: 38

C:\Program Files\Microchip\xc8\v2.41\pic\sources\c99\common\putch.c
		_putch         		CODE           	2B82	0000	2

C:\Program Files\Microchip\xc8\v2.41\pic\sources\c99\common\putch.c estimated size: 2

C:\Program Files\Microchip\xc8\v2.41\pic\sources\c99\common\nf_fputs.c
		_fputs         		CODE           	2984	0000	68

C:\Program Files\Microchip\xc8\v2.41\pic\sources\c99\common\nf_fputs.c estimated size: 68

mcc_generated_files/eusart.c
		_EUSART_Write  		CODE           	2B36	0000	22
		_EUSART_Initialize		CODE           	2A08	0000	62
		_EUSART_SetFramingErrorHandler		CODE           	2B6E	0000	10
		_EUSART_SetErrorHandler		CODE           	2B78	0000	10
		_EUSART_SetOverrunErrorHandler		CODE           	2B64	0000	10

mcc_generated_files/eusart.c estimated size: 114

C:\Program Files\Microchip\xc8\v2.41\pic\sources\c99\common\labs.c
		_labs          		CODE           	27E8	0000	102

C:\Program Files\Microchip\xc8\v2.41\pic\sources\c99\common\labs.c estimated size: 102

main.c
		_main          		CODE           	20EA	0000	274

main.c estimated size: 274

C:\Program Files\Microchip\xc8\v2.41\pic\sources\c99\common\sprcmul.c
		___flmul       		CODE           	14CA	0000	1066

C:\Program Files\Microchip\xc8\v2.41\pic\sources\c99\common\sprcmul.c estimated size: 1066

C:\Program Files\Microchip\xc8\v2.41\pic\sources\c99\common\sprcdiv.c
		___fldiv       		CODE           	18F4	0000	922

C:\Program Files\Microchip\xc8\v2.41\pic\sources\c99\common\sprcdiv.c estimated size: 922

