Microchip MPLAB XC8 Compiler V2.41

Linker command line:

-W-3 \
  --edf=C:\Program Files\Microchip\xc8\v2.41\pic\dat\20230208172133_en.msgs \
  -cn -h+dist/default/production\EUASRT_LED.X.production.sym \
  --cmf=dist/default/production\EUASRT_LED.X.production.cmf -z -Q18F45K20 \
  -oC:\Users\perez\AppData\Local\Temp\xcAs1epo.\driver_tmp_3.o \
  --defsym=__MPLAB_BUILD=1 --fixupoverflow=error \
  -Mdist/default/production/EUASRT_LED.X.production.map \
  --md=C:\Users\perez\AppData\Local\Temp\xcAs1epo.\driver_tmp_0.dat -E1 \
  -ver=XC8 Compiler --acfsm=1493 -ACODE=00h-07FFFh -ACONST=00h-07FFFh \
  -ASMALLCONST=0600h-06FFhx122 -AMEDIUMCONST=0600h-07FFFh -ACOMRAM=01h-05Fh \
  -AABS1=00h-05FFh -ABIGRAM=01h-05FFh -ARAM=060h-0FFh,0100h-01FFhx5 \
  -ABANK0=060h-0FFh -ABANK1=0100h-01FFh -ABANK2=0200h-02FFh \
  -ABANK3=0300h-03FFh -ABANK4=0400h-04FFh -ABANK5=0500h-05FFh \
  -ASFR=0F60h-0FFFh -ABIGSFR=0F60h-0FFFh -ACONFIG=0300000h-030000Dh \
  -AIDLOC=0200000h-0200007h -AEEDATA=0F00000h-0F000FFh -peeprom_data=EEDATA \
  -preset_vec=00h,intcode,intcodelo,powerup,init -pramtop=0600h \
  -psmallconst=SMALLCONST -pmediumconst=MEDIUMCONST -pconst=CONST \
  -AFARRAM=00h-00h \
  -prdata=COMRAM,nvrram=COMRAM,nvbit=COMRAM,rbss=COMRAM,rbit=COMRAM \
  -pfarbss=FARRAM,fardata=FARRAM,nvFARRAM=FARRAM \
  -pintsave_regs=BIGRAM,bigbss=BIGRAM,bigdata=BIGRAM -pbss=RAM \
  -pidata=CODE,irdata=CODE,ibigdata=CODE,ifardata=CODE -prparam=COMRAM \
  C:\Users\perez\AppData\Local\Temp\xcAs1epo.\driver_tmp_9.o \
  dist/default/production\EUASRT_LED.X.production.o 

Object code version is 3.11

Machine type is 18F45K20



                Name                               Link     Load   Length Selector   Space Scale
C:\Users\perez\AppData\Local\Temp\xcAs1epo.\driver_tmp_9.o
                idloc                            200000   200000        8        0       5
                config                           300000   300000        E        0       4
                init                                  0        0        4        0       0
dist/default/production\EUASRT_LED.X.production.o
                idloc                            200000   200000        8        0       5
                config                           300000   300000        E        0       4
                smallconst                          600      600        A      300       0
                text11                              934      934       28      305       0
                text10                              95C      95C       16      305       0
                text9                               7F6      7F6       70      305       0
                text8                               60A      60A      12C      305       0
                text7                               99E      99E        A      305       0
                text6                               994      994        A      305       0
                text5                               98A      98A        A      305       0
                text4                               866      866       3E      305       0
                text3                               980      980        A      305       0
                text2                               8D6      8D6       32      305       0
                text1                               972      972        E      305       0
                text0                               736      736       C0      305       0
                cstackCOMRAM                          1        1       57        1       1
                dataBANK0                            60       60       32       60       1
                bssCOMRAM                            5E       5E        1        1       1
                cinit                               908      908       2C      305       0
                nvCOMRAM                             58       58        6        1       1
                idataBANK0                          8A4      8A4       32      305       0

TOTAL           Name                               Link     Load   Length     Space
        CLASS   CODE           
                init                                  0        0        4         0
                text11                              934      934       28         0
                text10                              95C      95C       16         0
                text9                               7F6      7F6       70         0
                text8                               60A      60A      12C         0
                text7                               99E      99E        A         0
                text6                               994      994        A         0
                text5                               98A      98A        A         0
                text4                               866      866       3E         0
                text3                               980      980        A         0
                text2                               8D6      8D6       32         0
                text1                               972      972        E         0
                text0                               736      736       C0         0
                cinit                               908      908       2C         0
                idataBANK0                          8A4      8A4       32         0

        CLASS   CONST          

        CLASS   SMALLCONST     
                smallconst                          600      600        A         0

        CLASS   MEDIUMCONST    

        CLASS   COMRAM         
                cstackCOMRAM                          1        1       57         1
                bssCOMRAM                            5E       5E        1         1
                nvCOMRAM                             58       58        6         1

        CLASS   ABS1           

        CLASS   BIGRAM         

        CLASS   RAM            

        CLASS   BANK0          
                dataBANK0                            60       60       32         1

        CLASS   BANK1          

        CLASS   BANK2          

        CLASS   BANK3          

        CLASS   BANK4          

        CLASS   BANK5          

        CLASS   SFR            

        CLASS   BIGSFR         

        CLASS   CONFIG         
                config                           300000   300000        E         4

        CLASS   IDLOC          
                idloc                            200000   200000        8         5

        CLASS   EEDATA         

        CLASS   FARRAM         

        CLASS   HEAP           

        CLASS   STACK          



SEGMENTS        Name                           Load    Length   Top    Selector   Space  Class

                reset_vec                      000000  000004  000004         0       0  CODE    
                cstackCOMRAM                   000001  00005E  00005F         1       1  COMRAM  
                dataBANK0                      000060  000032  000092        60       1  BANK0   
                smallconst                     000600  00000A  00060A       300       0  SMALLCON
                text8                          00060A  00039E  0009A8       305       0  CODE    


UNUSED ADDRESS RANGES

        Name                Unused          Largest block    Delta
        BANK0            000092-0000FF               6E
        BANK1            000100-0001FF              100
        BANK2            000200-0002FF              100
        BANK3            000300-0003FF              100
        BANK4            000400-0004FF              100
        BANK5            000500-0005FF              100
        BIGRAM           00005F-00005F                1
                         000092-0005FF              56E
        BIGSFR           000F60-000FFF               A0
        CODE             000004-0005FF              5FC
                         0009A8-007FFF             7658
        COMRAM           00005F-00005F                1
        CONST            000004-0005FF              5FC
                         0009A8-007FFF             7658
        EEDATA           F00000-F000FF              100
        MEDIUMCONST      0009A8-007FFF             7658
        RAM              000092-0005FF              100
        SFR              000F60-000FFF               A0
        SMALLCONST       0009A8-007FFF              100

                                  Symbol Table

?_strcmp                                       cstackCOMRAM 000001
EUSART_SetErrorHandler@interruptHandler        cstackCOMRAM 000001
EUSART_SetFramingErrorHandler@interruptHandler cstackCOMRAM 000001
EUSART_SetOverrunErrorHandler@interruptHandler cstackCOMRAM 000001
EUSART_Write@txData                            cstackCOMRAM 000001
ExecuteOrder66@Error                           cstackCOMRAM 000008
ExecuteOrder66@F3242                           dataBANK0    000084
ExecuteOrder66@F3244                           dataBANK0    000075
ExecuteOrder66@F3246                           dataBANK0    000060
ExecuteOrder66@OffCommand                      cstackCOMRAM 00001D
ExecuteOrder66@OnCommand                       cstackCOMRAM 00002C
ExecuteOrder66@command                         cstackCOMRAM 000006
ExecuteOrder66@i                               cstackCOMRAM 00003A
ExecuteOrder66@i_477                           cstackCOMRAM 00003C
ExecuteOrder66@i_478                           cstackCOMRAM 00003E
_ANSEL                                         (abs)        000F7E
_ANSELH                                        (abs)        000F7F
_BAUDCON                                       (abs)        000FB8
_EUSART_DefaultErrorHandler                    (abs)        000000
_EUSART_DefaultFramingErrorHandler             (abs)        000000
_EUSART_DefaultOverrunErrorHandler             (abs)        000000
_EUSART_ErrorHandler                           nvCOMRAM     000058
_EUSART_FramingErrorHandler                    nvCOMRAM     00005C
_EUSART_Initialize                             text4        000866
_EUSART_OverrunErrorHandler                    nvCOMRAM     00005A
_EUSART_Read                                   text11       000934
_EUSART_SetErrorHandler                        text7        00099E
_EUSART_SetFramingErrorHandler                 text6        000994
_EUSART_SetOverrunErrorHandler                 text5        00098A
_EUSART_Write                                  text10       00095C
_ExecuteOrder66                                text8        00060A
_INTCON2bits                                   (abs)        000FF1
_INTCONbits                                    (abs)        000FF2
_LATA                                          (abs)        000F89
_LATB                                          (abs)        000F8A
_LATC                                          (abs)        000F8B
_LATD                                          (abs)        000F8C
_LATDbits                                      (abs)        000F8C
_LATE                                          (abs)        000F8D
_OSCCON                                        (abs)        000FD3
_OSCILLATOR_Initialize                         text3        000980
_OSCTUNE                                       (abs)        000F9B
_PIN_MANAGER_Initialize                        text2        0008D6
_PIR1bits                                      (abs)        000F9E
_RCREG                                         (abs)        000FAE
_RCSTA                                         (abs)        000FAB
_RCSTAbits                                     (abs)        000FAB
_SPBRG                                         (abs)        000FAF
_SPBRGH                                        (abs)        000FB0
_SYSTEM_Initialize                             text1        000972
_TRISA                                         (abs)        000F92
_TRISB                                         (abs)        000F93
_TRISC                                         (abs)        000F94
_TRISD                                         (abs)        000F95
_TRISE                                         (abs)        000F96
_TXREG                                         (abs)        000FAD
_TXSTA                                         (abs)        000FAC
_TXSTAbits                                     (abs)        000FAC
_WPUB                                          (abs)        000F7C
__HRAM                                         (abs)        000000
__H__absolute__                                __absolute__ 000000
__Habs1                                        abs1         000000
__Hbank0                                       bank0        000000
__Hbank1                                       bank1        000000
__Hbank2                                       bank2        000000
__Hbank3                                       bank3        000000
__Hbank4                                       bank4        000000
__Hbank5                                       bank5        000000
__Hbigbss                                      bigbss       000000
__Hbigdata                                     bigdata      000000
__Hbigram                                      bigram       000000
__Hbigsfr                                      bigsfr       000000
__Hbss                                         bss          000000
__HbssCOMRAM                                   bssCOMRAM    000000
__Hcinit                                       cinit        000000
__Hclrtext                                     clrtext      000000
__Hcomram                                      comram       000000
__Hconfig                                      config       30000E
__Hconst                                       const        000000
__HcstackCOMRAM                                cstackCOMRAM 000000
__Hdata                                        data         000000
__HdataBANK0                                   dataBANK0    000000
__Heeprom_data                                 eeprom_data  000000
__Hfarbss                                      farbss       000000
__Hfardata                                     fardata      000000
__Hheap                                        heap         000000
__Hibigdata                                    ibigdata     000000
__Hidata                                       idata        000000
__HidataBANK0                                  idataBANK0   000000
__Hidloc                                       idloc        200008
__Hifardata                                    ifardata     000000
__Hinit                                        init         000004
__Hintcode                                     intcode      000000
__Hintcode_body                                intcode_body 000000
__Hintcodelo                                   intcodelo    000000
__Hintentry                                    intentry     000000
__Hintret                                      intret       000000
__Hintsave_regs                                intsave_regs 000000
__Hirdata                                      irdata       000000
__Hmediumconst                                 mediumconst  000000
__HnvCOMRAM                                    nvCOMRAM     000000
__HnvFARRAM                                    nvFARRAM     000000
__Hnvbit                                       nvbit        000000
__Hnvrram                                      nvrram       000000
__Hparam                                       rparam       000000
__Hpowerup                                     powerup      000000
__Hram                                         ram          000000
__Hramtop                                      ramtop       000600
__Hrbit                                        rbit         000000
__Hrbss                                        rbss         000000
__Hrdata                                       rdata        000000
__Hreset_vec                                   reset_vec    000000
__Hrparam                                      rparam       000000
__Hsfr                                         sfr          000000
__Hsmallconst                                  smallconst   00060A
__Hspace_0                                     (abs)        0009A8
__Hspace_1                                     (abs)        000092
__Hspace_2                                     (abs)        000000
__Hspace_4                                     (abs)        60000E
__Hstack                                       stack        000000
__Hstruct                                      struct       000000
__Htemp                                        temp         000000
__Htext                                        text         000000
__Htext0                                       text0        000000
__Htext1                                       text1        000000
__Htext10                                      text10       000000
__Htext11                                      text11       000000
__Htext2                                       text2        000000
__Htext3                                       text3        000000
__Htext4                                       text4        000000
__Htext5                                       text5        000000
__Htext6                                       text6        000000
__Htext7                                       text7        000000
__Htext8                                       text8        000000
__Htext9                                       text9        000000
__LRAM                                         (abs)        000001
__L__absolute__                                __absolute__ 000000
__Labs1                                        abs1         000000
__Lbank0                                       bank0        000000
__Lbank1                                       bank1        000000
__Lbank2                                       bank2        000000
__Lbank3                                       bank3        000000
__Lbank4                                       bank4        000000
__Lbank5                                       bank5        000000
__Lbigbss                                      bigbss       000000
__Lbigdata                                     bigdata      000000
__Lbigram                                      bigram       000000
__Lbigsfr                                      bigsfr       000000
__Lbss                                         bss          000000
__LbssCOMRAM                                   bssCOMRAM    000000
__Lcinit                                       cinit        000000
__Lclrtext                                     clrtext      000000
__Lcomram                                      comram       000000
__Lconfig                                      config       000000
__Lconst                                       const        000000
__LcstackCOMRAM                                cstackCOMRAM 000000
__Ldata                                        data         000000
__LdataBANK0                                   dataBANK0    000000
__Leeprom_data                                 eeprom_data  000000
__Lfarbss                                      farbss       000000
__Lfardata                                     fardata      000000
__Lheap                                        heap         000000
__Libigdata                                    ibigdata     000000
__Lidata                                       idata        000000
__LidataBANK0                                  idataBANK0   000000
__Lidloc                                       idloc        000000
__Lifardata                                    ifardata     000000
__Linit                                        init         000000
__Lintcode                                     intcode      000000
__Lintcode_body                                intcode_body 000000
__Lintcodelo                                   intcodelo    000000
__Lintentry                                    intentry     000000
__Lintret                                      intret       000000
__Lintsave_regs                                intsave_regs 000000
__Lirdata                                      irdata       000000
__Lmediumconst                                 mediumconst  000000
__LnvCOMRAM                                    nvCOMRAM     000000
__LnvFARRAM                                    nvFARRAM     000000
__Lnvbit                                       nvbit        000000
__Lnvrram                                      nvrram       000000
__Lparam                                       rparam       000000
__Lpowerup                                     powerup      000000
__Lram                                         ram          000000
__Lramtop                                      ramtop       000600
__Lrbit                                        rbit         000000
__Lrbss                                        rbss         000000
__Lrdata                                       rdata        000000
__Lreset_vec                                   reset_vec    000000
__Lrparam                                      rparam       000000
__Lsfr                                         sfr          000000
__Lsmallconst                                  smallconst   000600
__Lspace_0                                     (abs)        000000
__Lspace_1                                     (abs)        000000
__Lspace_2                                     (abs)        000000
__Lspace_4                                     (abs)        000000
__Lstack                                       stack        000000
__Lstruct                                      struct       000000
__Ltemp                                        temp         000000
__Ltext                                        text         000000
__Ltext0                                       text0        000000
__Ltext1                                       text1        000000
__Ltext10                                      text10       000000
__Ltext11                                      text11       000000
__Ltext2                                       text2        000000
__Ltext3                                       text3        000000
__Ltext4                                       text4        000000
__Ltext5                                       text5        000000
__Ltext6                                       text6        000000
__Ltext7                                       text7        000000
__Ltext8                                       text8        000000
__Ltext9                                       text9        000000
__S0                                           (abs)        0009A8
__S1                                           (abs)        000092
__S4                                           (abs)        000000
__S5                                           (abs)        000000
___heap_hi                                     (abs)        000000
___heap_lo                                     (abs)        000000
___inthi_sp                                    stack        000000
___intlo_sp                                    stack        000000
___param_bank                                  (abs)        000000
___rparam_used                                 (abs)        000001
___sp                                          stack        000000
__accesstop                                    (abs)        000060
__activetblptr                                 (abs)        000002
__end_of_EUSART_Initialize                     text4        0008A4
__end_of_EUSART_Read                           text11       00095C
__end_of_EUSART_SetErrorHandler                text7        0009A8
__end_of_EUSART_SetFramingErrorHandler         text6        00099E
__end_of_EUSART_SetOverrunErrorHandler         text5        000994
__end_of_EUSART_Write                          text10       000972
__end_of_ExecuteOrder66                        text8        000736
__end_of_OSCILLATOR_Initialize                 text3        00098A
__end_of_PIN_MANAGER_Initialize                text2        000908
__end_of_SYSTEM_Initialize                     text1        000980
__end_of__initialization                       cinit        00092A
__end_of_main                                  text0        0007F6
__end_of_strcmp                                text9        000866
__initialization                               cinit        000908
__mediumconst                                  mediumconst  000000
__pbssCOMRAM                                   bssCOMRAM    00005E
__pcinit                                       cinit        000908
__pcstackCOMRAM                                cstackCOMRAM 000001
__pdataBANK0                                   dataBANK0    000060
__pidataBANK0                                  idataBANK0   0008A4
__pnvCOMRAM                                    nvCOMRAM     000058
__psmallconst                                  smallconst   000600
__ptext0                                       text0        000736
__ptext1                                       text1        000972
__ptext10                                      text10       00095C
__ptext11                                      text11       000934
__ptext2                                       text2        0008D6
__ptext3                                       text3        000980
__ptext4                                       text4        000866
__ptext5                                       text5        00098A
__ptext6                                       text6        000994
__ptext7                                       text7        00099E
__ptext8                                       text8        00060A
__ptext9                                       text9        0007F6
__ramtop                                       ramtop       000600
__smallconst                                   smallconst   000600
_eusartRxLastError                             bssCOMRAM    00005E
_main                                          text0        000736
_strcmp                                        text9        0007F6
end_of_initialization                          cinit        00092A
intlevel0                                      text         000000
intlevel1                                      text         000000
intlevel2                                      text         000000
intlevel3                                      text         000000
isa$std                                        (abs)        000001
isa$xinst                                      (abs)        000000
main@counter                                   cstackCOMRAM 000056
main@holder                                    cstackCOMRAM 000057
main@i                                         cstackCOMRAM 000054
main@option                                    cstackCOMRAM 000040
stackhi                                        (abs)        000000
stacklo                                        (abs)        000000
start                                          init         000000
start_initialization                           cinit        000908
strcmp@l                                       cstackCOMRAM 000001
strcmp@r                                       cstackCOMRAM 000003


MODULE INFORMATION

Module		Function		Class		Link	Load	Size
C:\Program Files\Microchip\xc8\v2.41\pic\sources\c99\common\strcmp.c
		_strcmp        		CODE           	07F6	0000	112

C:\Program Files\Microchip\xc8\v2.41\pic\sources\c99\common\strcmp.c estimated size: 112

mcc_generated_files/pin_manager.c
		_PIN_MANAGER_Initialize		CODE           	08D6	0000	50

mcc_generated_files/pin_manager.c estimated size: 50

shared
		__initialization		CODE           	0908	0000	34

shared estimated size: 34

mcc_generated_files/mcc.c
		_OSCILLATOR_Initialize		CODE           	0980	0000	10
		_SYSTEM_Initialize		CODE           	0972	0000	14

mcc_generated_files/mcc.c estimated size: 24

mcc_generated_files/eusart.c
		_EUSART_Read   		CODE           	0934	0000	40
		_EUSART_Write  		CODE           	095C	0000	22
		_EUSART_Initialize		CODE           	0866	0000	62
		_EUSART_SetFramingErrorHandler		CODE           	0994	0000	10
		_EUSART_SetErrorHandler		CODE           	099E	0000	10
		_EUSART_SetOverrunErrorHandler		CODE           	098A	0000	10

mcc_generated_files/eusart.c estimated size: 154

main.c
		_main          		CODE           	0736	0000	192
		_ExecuteOrder66		CODE           	060A	0000	300

main.c estimated size: 492

